
Running 489 tests using 2 workers

  ✘    1 [chromium] › __tests__/e2e/accessibility.spec.ts:17:9 › Accessibility (A11y) › Keyboard Navigation › can navigate footer with Tab key (30.2s)
  ✘    2 [chromium] › __tests__/e2e/accessibility.spec.ts:35:9 › Accessibility (A11y) › Keyboard Navigation › can activate buttons with Enter and Space (30.2s)
  ✘    3 [chromium] › __tests__/e2e/accessibility.spec.ts:49:9 › Accessibility (A11y) › Keyboard Navigation › Escape key closes settings panel (30.2s)
  ✘    4 [chromium] › __tests__/e2e/accessibility.spec.ts:73:9 › Accessibility (A11y) › Keyboard Navigation › Tab order is logical (30.3s)
  ✘    5 [chromium] › __tests__/e2e/accessibility.spec.ts:108:9 › Accessibility (A11y) › ARIA Labels › buttons have accessible labels (30.2s)
  ✘    6 [chromium] › __tests__/e2e/accessibility.spec.ts:92:9 › Accessibility (A11y) › Keyboard Navigation › can navigate back with keyboard (30.2s)
  ✘    7 [chromium] › __tests__/e2e/accessibility.spec.ts:125:9 › Accessibility (A11y) › ARIA Labels › header buttons have aria-labels (30.2s)
  ✘    8 [chromium] › __tests__/e2e/accessibility.spec.ts:138:9 › Accessibility (A11y) › ARIA Labels › dropdown menu has proper ARIA attributes (30.2s)
  ✘    9 [chromium] › __tests__/e2e/accessibility.spec.ts:152:9 › Accessibility (A11y) › ARIA Labels › settings panel has role="dialog" (30.2s)
  ✘   10 [chromium] › __tests__/e2e/accessibility.spec.ts:173:9 › Accessibility (A11y) › ARIA Labels › notifications have role="alert" (30.2s)
[31mTesting stopped early after 10 maximum allowed failures.[39m
  ✘   11 [chromium] › __tests__/e2e/accessibility.spec.ts:192:9 › Accessibility (A11y) › Focus Management › focus visible on interactive elements (7.7s)


  1) [chromium] › __tests__/e2e/accessibility.spec.ts:17:9 › Accessibility (A11y) › Keyboard Navigation › can navigate footer with Tab key 

    [31mTest timeout of 30000ms exceeded while running "beforeEach" hook.[39m

      2 |
      3 | test.describe('Accessibility (A11y)', () => {
    > 4 |   test.beforeEach(async ({ page }) => {
        |        ^
      5 |     // Login and complete onboarding
      6 |     await page.goto('/login')
      7 |     await page.getByRole('button', { name: /Host jako/i }).click()
        at /Users/lowcash/repos/land-of-machala/__tests__/e2e/accessibility.spec.ts:4:8

    Error: locator.click: Test timeout of 30000ms exceeded.
    Call log:
    [2m  - waiting for getByRole('button', { name: /Host jako/i })[22m


       5 |     // Login and complete onboarding
       6 |     await page.goto('/login')
    >  7 |     await page.getByRole('button', { name: /Host jako/i }).click()
         |                                                            ^
       8 |     await expect(page).toHaveURL('/onboarding')
       9 |
      10 |     await page.getByRole('button', { name: /Pokračovat/i }).click()
        at /Users/lowcash/repos/land-of-machala/__tests__/e2e/accessibility.spec.ts:7:60

    attachment #1: screenshot (image/png) ──────────────────────────────────────────────────────────
    test-results/accessibility-Accessibilit-98b31-avigate-footer-with-Tab-key-chromium/test-failed-1.png
    ────────────────────────────────────────────────────────────────────────────────────────────────

    Error Context: test-results/accessibility-Accessibilit-98b31-avigate-footer-with-Tab-key-chromium/error-context.md

  2) [chromium] › __tests__/e2e/accessibility.spec.ts:35:9 › Accessibility (A11y) › Keyboard Navigation › can activate buttons with Enter and Space 

    [31mTest timeout of 30000ms exceeded while running "beforeEach" hook.[39m

      2 |
      3 | test.describe('Accessibility (A11y)', () => {
    > 4 |   test.beforeEach(async ({ page }) => {
        |        ^
      5 |     // Login and complete onboarding
      6 |     await page.goto('/login')
      7 |     await page.getByRole('button', { name: /Host jako/i }).click()
        at /Users/lowcash/repos/land-of-machala/__tests__/e2e/accessibility.spec.ts:4:8

    Error: locator.click: Test timeout of 30000ms exceeded.
    Call log:
    [2m  - waiting for getByRole('button', { name: /Host jako/i })[22m


       5 |     // Login and complete onboarding
       6 |     await page.goto('/login')
    >  7 |     await page.getByRole('button', { name: /Host jako/i }).click()
         |                                                            ^
       8 |     await expect(page).toHaveURL('/onboarding')
       9 |
      10 |     await page.getByRole('button', { name: /Pokračovat/i }).click()
        at /Users/lowcash/repos/land-of-machala/__tests__/e2e/accessibility.spec.ts:7:60

    attachment #1: screenshot (image/png) ──────────────────────────────────────────────────────────
    test-results/accessibility-Accessibilit-2708b-uttons-with-Enter-and-Space-chromium/test-failed-1.png
    ────────────────────────────────────────────────────────────────────────────────────────────────

    Error Context: test-results/accessibility-Accessibilit-2708b-uttons-with-Enter-and-Space-chromium/error-context.md

  3) [chromium] › __tests__/e2e/accessibility.spec.ts:49:9 › Accessibility (A11y) › Keyboard Navigation › Escape key closes settings panel 

    [31mTest timeout of 30000ms exceeded while running "beforeEach" hook.[39m

      2 |
      3 | test.describe('Accessibility (A11y)', () => {
    > 4 |   test.beforeEach(async ({ page }) => {
        |        ^
      5 |     // Login and complete onboarding
      6 |     await page.goto('/login')
      7 |     await page.getByRole('button', { name: /Host jako/i }).click()
        at /Users/lowcash/repos/land-of-machala/__tests__/e2e/accessibility.spec.ts:4:8

    Error: locator.click: Test timeout of 30000ms exceeded.
    Call log:
    [2m  - waiting for getByRole('button', { name: /Host jako/i })[22m


       5 |     // Login and complete onboarding
       6 |     await page.goto('/login')
    >  7 |     await page.getByRole('button', { name: /Host jako/i }).click()
         |                                                            ^
       8 |     await expect(page).toHaveURL('/onboarding')
       9 |
      10 |     await page.getByRole('button', { name: /Pokračovat/i }).click()
        at /Users/lowcash/repos/land-of-machala/__tests__/e2e/accessibility.spec.ts:7:60

    attachment #1: screenshot (image/png) ──────────────────────────────────────────────────────────
    test-results/accessibility-Accessibilit-24993-e-key-closes-settings-panel-chromium/test-failed-1.png
    ────────────────────────────────────────────────────────────────────────────────────────────────

    Error Context: test-results/accessibility-Accessibilit-24993-e-key-closes-settings-panel-chromium/error-context.md

  4) [chromium] › __tests__/e2e/accessibility.spec.ts:73:9 › Accessibility (A11y) › Keyboard Navigation › Tab order is logical 

    [31mTest timeout of 30000ms exceeded while running "beforeEach" hook.[39m

      2 |
      3 | test.describe('Accessibility (A11y)', () => {
    > 4 |   test.beforeEach(async ({ page }) => {
        |        ^
      5 |     // Login and complete onboarding
      6 |     await page.goto('/login')
      7 |     await page.getByRole('button', { name: /Host jako/i }).click()
        at /Users/lowcash/repos/land-of-machala/__tests__/e2e/accessibility.spec.ts:4:8

    Error: locator.click: Test timeout of 30000ms exceeded.
    Call log:
    [2m  - waiting for getByRole('button', { name: /Host jako/i })[22m


       5 |     // Login and complete onboarding
       6 |     await page.goto('/login')
    >  7 |     await page.getByRole('button', { name: /Host jako/i }).click()
         |                                                            ^
       8 |     await expect(page).toHaveURL('/onboarding')
       9 |
      10 |     await page.getByRole('button', { name: /Pokračovat/i }).click()
        at /Users/lowcash/repos/land-of-machala/__tests__/e2e/accessibility.spec.ts:7:60

    attachment #1: screenshot (image/png) ──────────────────────────────────────────────────────────
    test-results/accessibility-Accessibilit-43f58-gation-Tab-order-is-logical-chromium/test-failed-1.png
    ────────────────────────────────────────────────────────────────────────────────────────────────

    Error Context: test-results/accessibility-Accessibilit-43f58-gation-Tab-order-is-logical-chromium/error-context.md

  5) [chromium] › __tests__/e2e/accessibility.spec.ts:92:9 › Accessibility (A11y) › Keyboard Navigation › can navigate back with keyboard 

    [31mTest timeout of 30000ms exceeded while running "beforeEach" hook.[39m

      2 |
      3 | test.describe('Accessibility (A11y)', () => {
    > 4 |   test.beforeEach(async ({ page }) => {
        |        ^
      5 |     // Login and complete onboarding
      6 |     await page.goto('/login')
      7 |     await page.getByRole('button', { name: /Host jako/i }).click()
        at /Users/lowcash/repos/land-of-machala/__tests__/e2e/accessibility.spec.ts:4:8

    Error: locator.click: Test timeout of 30000ms exceeded.
    Call log:
    [2m  - waiting for getByRole('button', { name: /Host jako/i })[22m


       5 |     // Login and complete onboarding
       6 |     await page.goto('/login')
    >  7 |     await page.getByRole('button', { name: /Host jako/i }).click()
         |                                                            ^
       8 |     await expect(page).toHaveURL('/onboarding')
       9 |
      10 |     await page.getByRole('button', { name: /Pokračovat/i }).click()
        at /Users/lowcash/repos/land-of-machala/__tests__/e2e/accessibility.spec.ts:7:60

    attachment #1: screenshot (image/png) ──────────────────────────────────────────────────────────
    test-results/accessibility-Accessibilit-bae66-navigate-back-with-keyboard-chromium/test-failed-1.png
    ────────────────────────────────────────────────────────────────────────────────────────────────

    Error Context: test-results/accessibility-Accessibilit-bae66-navigate-back-with-keyboard-chromium/error-context.md

  6) [chromium] › __tests__/e2e/accessibility.spec.ts:108:9 › Accessibility (A11y) › ARIA Labels › buttons have accessible labels 

    [31mTest timeout of 30000ms exceeded while running "beforeEach" hook.[39m

      2 |
      3 | test.describe('Accessibility (A11y)', () => {
    > 4 |   test.beforeEach(async ({ page }) => {
        |        ^
      5 |     // Login and complete onboarding
      6 |     await page.goto('/login')
      7 |     await page.getByRole('button', { name: /Host jako/i }).click()
        at /Users/lowcash/repos/land-of-machala/__tests__/e2e/accessibility.spec.ts:4:8

    Error: locator.click: Test timeout of 30000ms exceeded.
    Call log:
    [2m  - waiting for getByRole('button', { name: /Host jako/i })[22m


       5 |     // Login and complete onboarding
       6 |     await page.goto('/login')
    >  7 |     await page.getByRole('button', { name: /Host jako/i }).click()
         |                                                            ^
       8 |     await expect(page).toHaveURL('/onboarding')
       9 |
      10 |     await page.getByRole('button', { name: /Pokračovat/i }).click()
        at /Users/lowcash/repos/land-of-machala/__tests__/e2e/accessibility.spec.ts:7:60

    attachment #1: screenshot (image/png) ──────────────────────────────────────────────────────────
    test-results/accessibility-Accessibilit-55674-tons-have-accessible-labels-chromium/test-failed-1.png
    ────────────────────────────────────────────────────────────────────────────────────────────────

    Error Context: test-results/accessibility-Accessibilit-55674-tons-have-accessible-labels-chromium/error-context.md

  7) [chromium] › __tests__/e2e/accessibility.spec.ts:125:9 › Accessibility (A11y) › ARIA Labels › header buttons have aria-labels 

    [31mTest timeout of 30000ms exceeded while running "beforeEach" hook.[39m

      2 |
      3 | test.describe('Accessibility (A11y)', () => {
    > 4 |   test.beforeEach(async ({ page }) => {
        |        ^
      5 |     // Login and complete onboarding
      6 |     await page.goto('/login')
      7 |     await page.getByRole('button', { name: /Host jako/i }).click()
        at /Users/lowcash/repos/land-of-machala/__tests__/e2e/accessibility.spec.ts:4:8

    Error: locator.click: Test timeout of 30000ms exceeded.
    Call log:
    [2m  - waiting for getByRole('button', { name: /Host jako/i })[22m


       5 |     // Login and complete onboarding
       6 |     await page.goto('/login')
    >  7 |     await page.getByRole('button', { name: /Host jako/i }).click()
         |                                                            ^
       8 |     await expect(page).toHaveURL('/onboarding')
       9 |
      10 |     await page.getByRole('button', { name: /Pokračovat/i }).click()
        at /Users/lowcash/repos/land-of-machala/__tests__/e2e/accessibility.spec.ts:7:60

    attachment #1: screenshot (image/png) ──────────────────────────────────────────────────────────
    test-results/accessibility-Accessibilit-e80d9-er-buttons-have-aria-labels-chromium/test-failed-1.png
    ────────────────────────────────────────────────────────────────────────────────────────────────

    Error Context: test-results/accessibility-Accessibilit-e80d9-er-buttons-have-aria-labels-chromium/error-context.md

  8) [chromium] › __tests__/e2e/accessibility.spec.ts:138:9 › Accessibility (A11y) › ARIA Labels › dropdown menu has proper ARIA attributes 

    [31mTest timeout of 30000ms exceeded while running "beforeEach" hook.[39m

      2 |
      3 | test.describe('Accessibility (A11y)', () => {
    > 4 |   test.beforeEach(async ({ page }) => {
        |        ^
      5 |     // Login and complete onboarding
      6 |     await page.goto('/login')
      7 |     await page.getByRole('button', { name: /Host jako/i }).click()
        at /Users/lowcash/repos/land-of-machala/__tests__/e2e/accessibility.spec.ts:4:8

    Error: locator.click: Test timeout of 30000ms exceeded.
    Call log:
    [2m  - waiting for getByRole('button', { name: /Host jako/i })[22m


       5 |     // Login and complete onboarding
       6 |     await page.goto('/login')
    >  7 |     await page.getByRole('button', { name: /Host jako/i }).click()
         |                                                            ^
       8 |     await expect(page).toHaveURL('/onboarding')
       9 |
      10 |     await page.getByRole('button', { name: /Pokračovat/i }).click()
        at /Users/lowcash/repos/land-of-machala/__tests__/e2e/accessibility.spec.ts:7:60

    attachment #1: screenshot (image/png) ──────────────────────────────────────────────────────────
    test-results/accessibility-Accessibilit-443e4--has-proper-ARIA-attributes-chromium/test-failed-1.png
    ────────────────────────────────────────────────────────────────────────────────────────────────

    Error Context: test-results/accessibility-Accessibilit-443e4--has-proper-ARIA-attributes-chromium/error-context.md

  9) [chromium] › __tests__/e2e/accessibility.spec.ts:152:9 › Accessibility (A11y) › ARIA Labels › settings panel has role="dialog" 

    [31mTest timeout of 30000ms exceeded while running "beforeEach" hook.[39m

      2 |
      3 | test.describe('Accessibility (A11y)', () => {
    > 4 |   test.beforeEach(async ({ page }) => {
        |        ^
      5 |     // Login and complete onboarding
      6 |     await page.goto('/login')
      7 |     await page.getByRole('button', { name: /Host jako/i }).click()
        at /Users/lowcash/repos/land-of-machala/__tests__/e2e/accessibility.spec.ts:4:8

    Error: locator.click: Test timeout of 30000ms exceeded.
    Call log:
    [2m  - waiting for getByRole('button', { name: /Host jako/i })[22m


       5 |     // Login and complete onboarding
       6 |     await page.goto('/login')
    >  7 |     await page.getByRole('button', { name: /Host jako/i }).click()
         |                                                            ^
       8 |     await expect(page).toHaveURL('/onboarding')
       9 |
      10 |     await page.getByRole('button', { name: /Pokračovat/i }).click()
        at /Users/lowcash/repos/land-of-machala/__tests__/e2e/accessibility.spec.ts:7:60

    attachment #1: screenshot (image/png) ──────────────────────────────────────────────────────────
    test-results/accessibility-Accessibilit-f11f1-ings-panel-has-role-dialog--chromium/test-failed-1.png
    ────────────────────────────────────────────────────────────────────────────────────────────────

    Error Context: test-results/accessibility-Accessibilit-f11f1-ings-panel-has-role-dialog--chromium/error-context.md

  10) [chromium] › __tests__/e2e/accessibility.spec.ts:173:9 › Accessibility (A11y) › ARIA Labels › notifications have role="alert" 

    [31mTest timeout of 30000ms exceeded while running "beforeEach" hook.[39m

      2 |
      3 | test.describe('Accessibility (A11y)', () => {
    > 4 |   test.beforeEach(async ({ page }) => {
        |        ^
      5 |     // Login and complete onboarding
      6 |     await page.goto('/login')
      7 |     await page.getByRole('button', { name: /Host jako/i }).click()
        at /Users/lowcash/repos/land-of-machala/__tests__/e2e/accessibility.spec.ts:4:8

    Error: locator.click: Test timeout of 30000ms exceeded.
    Call log:
    [2m  - waiting for getByRole('button', { name: /Host jako/i })[22m


       5 |     // Login and complete onboarding
       6 |     await page.goto('/login')
    >  7 |     await page.getByRole('button', { name: /Host jako/i }).click()
         |                                                            ^
       8 |     await expect(page).toHaveURL('/onboarding')
       9 |
      10 |     await page.getByRole('button', { name: /Pokračovat/i }).click()
        at /Users/lowcash/repos/land-of-machala/__tests__/e2e/accessibility.spec.ts:7:60

    attachment #1: screenshot (image/png) ──────────────────────────────────────────────────────────
    test-results/accessibility-Accessibilit-37d34-ifications-have-role-alert--chromium/test-failed-1.png
    ────────────────────────────────────────────────────────────────────────────────────────────────

    Error Context: test-results/accessibility-Accessibilit-37d34-ifications-have-role-alert--chromium/error-context.md

  10 failed
    [chromium] › __tests__/e2e/accessibility.spec.ts:17:9 › Accessibility (A11y) › Keyboard Navigation › can navigate footer with Tab key 
    [chromium] › __tests__/e2e/accessibility.spec.ts:35:9 › Accessibility (A11y) › Keyboard Navigation › can activate buttons with Enter and Space 
    [chromium] › __tests__/e2e/accessibility.spec.ts:49:9 › Accessibility (A11y) › Keyboard Navigation › Escape key closes settings panel 
    [chromium] › __tests__/e2e/accessibility.spec.ts:73:9 › Accessibility (A11y) › Keyboard Navigation › Tab order is logical 
    [chromium] › __tests__/e2e/accessibility.spec.ts:92:9 › Accessibility (A11y) › Keyboard Navigation › can navigate back with keyboard 
    [chromium] › __tests__/e2e/accessibility.spec.ts:108:9 › Accessibility (A11y) › ARIA Labels › buttons have accessible labels 
    [chromium] › __tests__/e2e/accessibility.spec.ts:125:9 › Accessibility (A11y) › ARIA Labels › header buttons have aria-labels 
    [chromium] › __tests__/e2e/accessibility.spec.ts:138:9 › Accessibility (A11y) › ARIA Labels › dropdown menu has proper ARIA attributes 
    [chromium] › __tests__/e2e/accessibility.spec.ts:152:9 › Accessibility (A11y) › ARIA Labels › settings panel has role="dialog" 
    [chromium] › __tests__/e2e/accessibility.spec.ts:173:9 › Accessibility (A11y) › ARIA Labels › notifications have role="alert" 
  1 interrupted
    [chromium] › __tests__/e2e/accessibility.spec.ts:192:9 › Accessibility (A11y) › Focus Management › focus visible on interactive elements 
  478 did not run
  1 error was not a part of any test, see above for details
